2026-10-05 15:06:40,783 WARNING market_monitor.data.factory - provider 'bloomberg' unavailable (missing library or API key) - skipped
2026-10-05 15:06:40,784 INFO    market_monitor.data.factory - data providers: ['fmp', 'free']
2026-10-05 15:06:45,957 WARNING yfinance - Cookie/crumb fetch failed (CertificateVerifyError), continuing without crumb
2026-10-05 15:06:45,983 WARNING yfinance - Cookie/crumb fetch failed (CertificateVerifyError), continuing without crumb
2026-10-05 15:06:45,999 ERROR   yfinance - Failed to get ticker 'EXV3.DE' reason: Failed to perform, curl: (60) SSL certificate OpenSSL verify result: self signed certificate in certificate chain (19). See https://curl.se/libcurl/c/libcurl-errors.html first for more details.
2026-10-05 15:06:46,000 ERROR   yfinance - Failed to get ticker 'EXH5.DE' reason: Failed to perform, curl: (60) SSL certificate OpenSSL verify result: self signed certificate in certificate chain (19). See https://curl.se/libcurl/c/libcurl-errors.html first for more details.
2026-10-05 15:06:46,001 WARNING yfinance - Cookie/crumb fetch failed (CertificateVerifyError), continuing without crumb
2026-10-05 15:06:46,039 ERROR   yfinance - Failed to get ticker 'EXV5.DE' reason: Failed to perform, curl: (60) SSL certificate OpenSSL verify result: self signed certificate in certificate chain (19). See https://curl.se/libcurl/c/libcurl-errors.html first for more details.
2026-10-05 15:06:46,040 ERROR   yfinance - $EXV5.DE: possibly delisted; no timezone found
2026-10-05 15:06:46,042 WARNING yfinance - Cookie/crumb fetch failed (CertificateVerifyError), continuing without crumb
2026-10-05 15:06:46,063 WARNING yfinance - Cookie/crumb fetch failed (CertificateVerifyError), continuing without crumb
2026-10-05 15:06:46,065 ERROR   yfinance - Failed to get ticker 'EXV2.DE' reason: Failed to perform, curl: (60) SSL certificate OpenSSL verify result: self signed certificate in certificate chain (19). See https://curl.se/libcurl/c/libcurl-errors.html first for more details.
2026-10-05 15:06:46,065 ERROR   yfinance - $EXV2.DE: possibly delisted; no timezone found
2026-10-05 15:06:46,097 ERROR   yfinance - Failed to get ticker '^IBEX' reason: Failed to perform, curl: (60) SSL certificate OpenSSL verify result: self signed certificate in certificate chain (19). See https://curl.se/libcurl/c/libcurl-errors.html first for more details.
2026-10-05 15:06:46,098 WARNING yfinance - Cookie/crumb fetch failed (CertificateVerifyError), continuing without crumb
2026-10-05 15:06:46,098 ERROR   yfinance - $^IBEX: possibly delisted; no timezone found
2026-10-05 15:06:46,131 ERROR   yfinance - Failed to get ticker '^V2TX' reason: Failed to perform, curl: (60) SSL certificate OpenSSL verify result: self signed certificate in certificate chain (19). See https://curl.se/libcurl/c/libcurl-errors.html first for more details.
2026-10-05 15:06:46,131 ERROR   yfinance - $^V2TX: possibly delisted; no timezone found
2026-10-05 15:06:46,133 WARNING yfinance - Cookie/crumb fetch failed (CertificateVerifyError), continuing without crumb
2026-10-05 15:06:46,157 WARNING yfinance - Cookie/crumb fetch failed (CertificateVerifyError), continuing without crumb
2026-10-05 15:06:46,157 ERROR   yfinance - Failed to get ticker 'EXH4.DE' reason: Failed to perform, curl: (60) SSL certificate OpenSSL verify result: self signed certificate in certificate chain (19). See https://curl.se/libcurl/c/libcurl-errors.html first for more details.
2026-10-05 15:06:46,158 ERROR   yfinance - $EXH4.DE: possibly delisted; no timezone found
2026-10-05 15:06:46,191 ERROR   yfinance - Failed to get ticker 'DX-Y.NYB' reason: Failed to perform, curl: (60) SSL certificate OpenSSL verify result: self signed certificate in certificate chain (19). See https://curl.se/libcurl/c/libcurl-errors.html first for more details.
2026-10-05 15:06:46,191 ERROR   yfinance - $DX-Y.NYB: possibly delisted; no timezone found
2026-10-05 15:06:46,193 WARNING yfinance - Cookie/crumb fetch failed (CertificateVerifyError), continuing without crumb
2026-10-05 15:06:46,227 ERROR   yfinance - Failed to get ticker 'EXH2.DE' reason: Failed to perform, curl: (60) SSL certificate OpenSSL verify result: self signed certificate in certificate chain (19). See https://curl.se/libcurl/c/libcurl-errors.html first for more details.
2026-10-05 15:06:46,228 WARNING yfinance - Cookie/crumb fetch failed (CertificateVerifyError), continuing without crumb
2026-10-05 15:06:46,228 ERROR   yfinance - $EXH2.DE: possibly delisted; no timezone found
2026-10-05 15:06:46,248 WARNING yfinance - Cookie/crumb fetch failed (CertificateVerifyError), continuing without crumb
2026-10-05 15:06:46,255 ERROR   yfinance - Failed to get ticker 'EXH3.DE' reason: Failed to perform, curl: (60) SSL certificate OpenSSL verify result: self signed certificate in certificate chain (19). See https://curl.se/libcurl/c/libcurl-errors.html first for more details.
2026-10-05 15:06:46,256 ERROR   yfinance - $EXH3.DE: possibly delisted; no timezone found
2026-10-05 15:06:46,280 WARNING yfinance - Cookie/crumb fetch failed (CertificateVerifyError), continuing without crumb
2026-10-05 15:06:46,281 ERROR   yfinance - Failed to get ticker 'EXV6.DE' reason: Failed to perform, curl: (60) SSL certificate OpenSSL verify result: self signed certificate in certificate chain (19). See https://curl.se/libcurl/c/libcurl-errors.html first for more details.
2026-10-05 15:06:46,281 ERROR   yfinance - $EXV6.DE: possibly delisted; no timezone found
2026-10-05 15:06:46,311 ERROR   yfinance - Failed to get ticker 'EURCHF=X' reason: Failed to perform, curl: (60) SSL certificate OpenSSL verify result: self signed certificate in certificate chain (19). See https://curl.se/libcurl/c/libcurl-errors.html first for more details.
2026-10-05 15:06:46,312 ERROR   yfinance - $EURCHF=X: possibly delisted; no timezone found
2026-10-05 15:06:46,314 WARNING yfinance - Cookie/crumb fetch failed (CertificateVerifyError), continuing without crumb
2026-10-05 15:06:46,343 ERROR   yfinance - Failed to get ticker 'EEM' reason: Failed to perform, curl: (60) SSL certificate OpenSSL verify result: self signed certificate in certificate chain (19). See https://curl.se/libcurl/c/libcurl-errors.html first for more details.
2026-10-05 15:06:46,343 ERROR   yfinance - $EEM: possibly delisted; no timezone found
2026-10-05 15:06:46,345 WARNING yfinance - Cookie/crumb fetch failed (CertificateVerifyError), continuing without crumb
2026-10-05 15:06:46,366 WARNING yfinance - Cookie/crumb fetch failed (CertificateVerifyError), continuing without crumb
2026-10-05 15:06:46,384 WARNING yfinance - Cookie/crumb fetch failed (CertificateVerifyError), continuing without crumb
2026-10-05 15:06:46,386 ERROR   yfinance - Failed to get ticker 'EXH1.DE' reason: Failed to perform, curl: (60) SSL certificate OpenSSL verify result: self signed certificate in certificate chain (19). See https://curl.se/libcurl/c/libcurl-errors.html first for more details.
2026-10-05 15:06:46,387 ERROR   yfinance - $EXH1.DE: possibly delisted; no timezone found
2026-10-05 15:06:46,416 WARNING yfinance - Cookie/crumb fetch failed (CertificateVerifyError), continuing without crumb
2026-10-05 15:06:46,438 ERROR   yfinance - Failed to get ticker 'EURGBP=X' reason: Failed to perform, curl: (60) SSL certificate OpenSSL verify result: self signed certificate in certificate chain (19). See https://curl.se/libcurl/c/libcurl-errors.html first for more details.
2026-10-05 15:06:46,439 ERROR   yfinance - $EURGBP=X: possibly delisted; no timezone found
2026-10-05 15:06:46,440 WARNING yfinance - Cookie/crumb fetch failed (CertificateVerifyError), continuing without crumb
2026-10-05 15:06:46,471 ERROR   yfinance - Failed to get ticker 'EXV9.DE' reason: Failed to perform, curl: (60) SSL certificate OpenSSL verify result: self signed certificate in certificate chain (19). See https://curl.se/libcurl/c/libcurl-errors.html first for more details.
2026-10-05 15:06:46,471 WARNING yfinance - Cookie/crumb fetch failed (CertificateVerifyError), continuing without crumb
2026-10-05 15:06:46,472 ERROR   yfinance - $EXV9.DE: possibly delisted; no timezone found
2026-10-05 15:06:46,497 WARNING yfinance - Cookie/crumb fetch failed (CertificateVerifyError), continuing without crumb
2026-10-05 15:06:46,512 ERROR   yfinance - Failed to get ticker 'EXH9.DE' reason: Failed to perform, curl: (60) SSL certificate OpenSSL verify result: self signed certificate in certificate chain (19). See https://curl.se/libcurl/c/libcurl-errors.html first for more details.
2026-10-05 15:06:46,513 ERROR   yfinance - $EXH9.DE: possibly delisted; no timezone found
2026-10-05 15:06:46,529 WARNING yfinance - Cookie/crumb fetch failed (CertificateVerifyError), continuing without crumb
2026-10-05 15:06:46,536 ERROR   yfinance - Failed to get ticker 'TTF=F' reason: Failed to perform, curl: (60) SSL certificate OpenSSL verify result: self signed certificate in certificate chain (19). See https://curl.se/libcurl/c/libcurl-errors.html first for more details.
2026-10-05 15:06:46,537 ERROR   yfinance - $TTF=F: possibly delisted; no timezone found
2026-10-05 15:06:46,566 WARNING yfinance - Cookie/crumb fetch failed (CertificateVerifyError), continuing without crumb
2026-10-05 15:06:46,585 ERROR   yfinance - Failed to get ticker 'EXV7.DE' reason: Failed to perform, curl: (60) SSL certificate OpenSSL verify result: self signed certificate in certificate chain (19). See https://curl.se/libcurl/c/libcurl-errors.html first for more details.
2026-10-05 15:06:46,586 ERROR   yfinance - $EXV7.DE: possibly delisted; no timezone found
2026-10-05 15:06:46,590 ERROR   yfinance - Failed to get ticker '^NDX' reason: Failed to perform, curl: (60) SSL certificate OpenSSL verify result: self signed certificate in certificate chain (19). See https://curl.se/libcurl/c/libcurl-errors.html first for more details.
2026-10-05 15:06:46,591 ERROR   yfinance - $^NDX: possibly delisted; no timezone found
2026-10-05 15:06:46,593 WARNING yfinance - Cookie/crumb fetch failed (CertificateVerifyError), continuing without crumb
2026-10-05 15:06:46,623 WARNING yfinance - Cookie/crumb fetch failed (CertificateVerifyError), continuing without crumb
2026-10-05 15:06:46,629 ERROR   yfinance - Failed to get ticker '^FCHI' reason: Failed to perform, curl: (60) SSL certificate OpenSSL verify result: self signed certificate in certificate chain (19). See https://curl.se/libcurl/c/libcurl-errors.html first for more details.
2026-10-05 15:06:46,630 ERROR   yfinance - $^FCHI: possibly delisted; no timezone found
2026-10-05 15:06:46,655 WARNING yfinance - Cookie/crumb fetch failed (CertificateVerifyError), continuing without crumb
2026-10-05 15:06:46,680 ERROR   yfinance - Failed to get ticker 'EXV4.DE' reason: Failed to perform, curl: (60) SSL certificate OpenSSL verify result: self signed certificate in certificate chain (19). See https://curl.se/libcurl/c/libcurl-errors.html first for more details.
2026-10-05 15:06:46,680 ERROR   yfinance - $EXV4.DE: possibly delisted; no timezone found
2026-10-05 15:06:46,684 WARNING yfinance - Cookie/crumb fetch failed (CertificateVerifyError), continuing without crumb
2026-10-05 15:06:46,685 ERROR   yfinance - Failed to get ticker '^MOVE' reason: Failed to perform, curl: (60) SSL certificate OpenSSL verify result: self signed certificate in certificate chain (19). See https://curl.se/libcurl/c/libcurl-errors.html first for more details.
2026-10-05 15:06:46,685 ERROR   yfinance - $^MOVE: possibly delisted; no timezone found
2026-10-05 15:06:46,712 ERROR   yfinance - Failed to get ticker 'EXV8.DE' reason: Failed to perform, curl: (60) SSL certificate OpenSSL verify result: self signed certificate in certificate chain (19). See https://curl.se/libcurl/c/libcurl-errors.html first for more details.
2026-10-05 15:06:46,713 ERROR   yfinance - $EXV8.DE: possibly delisted; no timezone found
2026-10-05 15:06:46,714 WARNING yfinance - Cookie/crumb fetch failed (CertificateVerifyError), continuing without crumb
2026-10-05 15:06:46,749 WARNING yfinance - Cookie/crumb fetch failed (CertificateVerifyError), continuing without crumb
2026-10-05 15:06:46,750 ERROR   yfinance - Failed to get ticker 'EXV1.DE' reason: Failed to perform, curl: (60) SSL certificate OpenSSL verify result: self signed certificate in certificate chain (19). See https://curl.se/libcurl/c/libcurl-errors.html first for more details.
2026-10-05 15:06:46,750 ERROR   yfinance - $EXV1.DE: possibly delisted; no timezone found
2026-10-05 15:06:46,780 WARNING yfinance - Cookie/crumb fetch failed (CertificateVerifyError), continuing without crumb
2026-10-05 15:06:46,781 ERROR   yfinance - Failed to get ticker 'EXH6.DE' reason: Failed to perform, curl: (60) SSL certificate OpenSSL verify result: self signed certificate in certificate chain (19). See https://curl.se/libcurl/c/libcurl-errors.html first for more details.
2026-10-05 15:06:46,782 ERROR   yfinance - $EXH6.DE: possibly delisted; no timezone found
2026-10-05 15:06:46,814 WARNING yfinance - Cookie/crumb fetch failed (CertificateVerifyError), continuing without crumb
2026-10-05 15:06:46,815 ERROR   yfinance - Failed to get ticker 'EXH8.DE' reason: Failed to perform, curl: (60) SSL certificate OpenSSL verify result: self signed certificate in certificate chain (19). See https://curl.se/libcurl/c/libcurl-errors.html first for more details.
2026-10-05 15:06:46,815 ERROR   yfinance - $EXH8.DE: possibly delisted; no timezone found
2026-10-05 15:06:46,846 WARNING yfinance - Cookie/crumb fetch failed (CertificateVerifyError), continuing without crumb
2026-10-05 15:06:46,846 ERROR   yfinance - Failed to get ticker 'FTSEMIB.MI' reason: Failed to perform, curl: (60) SSL certificate OpenSSL verify result: self signed certificate in certificate chain (19). See https://curl.se/libcurl/c/libcurl-errors.html first for more details.
2026-10-05 15:06:46,848 ERROR   yfinance - $FTSEMIB.MI: possibly delisted; no timezone found
2026-10-05 15:06:46,885 WARNING yfinance - Cookie/crumb fetch failed (CertificateVerifyError), continuing without crumb
2026-10-05 15:06:46,886 ERROR   yfinance - Failed to get ticker 'EXH7.DE' reason: Failed to perform, curl: (60) SSL certificate OpenSSL verify result: self signed certificate in certificate chain (19). See https://curl.se/libcurl/c/libcurl-errors.html first for more details.
2026-10-05 15:06:46,887 ERROR   yfinance - $EXH7.DE: possibly delisted; no timezone found
2026-10-05 15:06:46,905 ERROR   yfinance - Failed to get ticker '^STOXX' reason: Failed to perform, curl: (60) SSL certificate OpenSSL verify result: self signed certificate in certificate chain (19). See https://curl.se/libcurl/c/libcurl-errors.html first for more details.
2026-10-05 15:06:46,906 ERROR   yfinance - $^STOXX: possibly delisted; no timezone found
2026-10-05 15:06:52,479 WARNING yfinance - Cookie/crumb fetch failed (CertificateVerifyError), continuing without crumb
2026-10-05 15:06:52,508 WARNING yfinance - Cookie/crumb fetch failed (CertificateVerifyError), continuing without crumb
2026-10-05 15:06:52,537 ERROR   yfinance - $HG=F: possibly delisted; no price data found  (1d 2025-09-08 -> 2026-10-06)
2026-10-05 15:06:52,541 WARNING yfinance - Cookie/crumb fetch failed (CertificateVerifyError), continuing without crumb
2026-10-05 15:06:52,544 ERROR   yfinance - $CL=F: possibly delisted; no price data found  (1d 2025-09-08 -> 2026-10-06)
2026-10-05 15:06:52,568 ERROR   yfinance - $^GDAXI: possibly delisted; no price data found  (1d 2025-09-08 -> 2026-10-06)
2026-10-05 15:06:52,571 ERROR   yfinance - 
33 Failed downloads:
2026-10-05 15:06:52,571 ERROR   yfinance - ['EXV5.DE', 'EXV2.DE', '^IBEX', '^V2TX', 'EXH4.DE', 'DX-Y.NYB', 'EXH2.DE', 'EXH3.DE', 'EXV6.DE', 'EURCHF=X', 'EEM', 'EXH1.DE', 'EURGBP=X', 'EXV9.DE', 'EXH9.DE', 'TTF=F', 'EXV7.DE', '^NDX', '^FCHI', 'EXV4.DE', '^MOVE', 'EXV8.DE', 'EXV1.DE', 'EXH6.DE', 'EXH8.DE', 'FTSEMIB.MI', 'EXH7.DE', '^STOXX']: possibly delisted; no timezone found
2026-10-05 15:06:52,571 ERROR   yfinance - ['EXV3.DE', 'EXH5.DE']: CertificateVerifyError('Failed to perform, curl: (60) SSL certificate OpenSSL verify result: self signed certificate in certificate chain (19). See https://curl.se/libcurl/c/libcurl-errors.html first for more details.')
2026-10-05 15:06:52,571 ERROR   yfinance - ['HG=F', 'CL=F', '^GDAXI']: possibly delisted; no price data found  (1d 2025-09-08 -> 2026-10-06)
2026-10-05 15:06:54,511 WARNING yfinance - Cookie/crumb fetch failed (CertificateVerifyError), continuing without crumb
2026-10-05 15:06:54,558 ERROR   yfinance - $^GDAXI: possibly delisted; no price data found  (1d 2025-09-08 -> 2026-10-06)
2026-10-05 15:06:54,569 WARNING yfinance - Cookie/crumb fetch failed (CertificateVerifyError), continuing without crumb
2026-10-05 15:06:54,590 ERROR   yfinance - $HG=F: possibly delisted; no price data found  (1d 2025-09-08 -> 2026-10-06)
2026-10-05 15:06:54,615 WARNING yfinance - Cookie/crumb fetch failed (CertificateVerifyError), continuing without crumb
2026-10-05 15:06:54,633 WARNING yfinance - Cookie/crumb fetch failed (CertificateVerifyError), continuing without crumb
2026-10-05 15:06:54,635 ERROR   yfinance - Failed to get ticker 'EXV5.DE' reason: Failed to perform, curl: (60) SSL certificate OpenSSL verify result: self signed certificate in certificate chain (19). See https://curl.se/libcurl/c/libcurl-errors.html first for more details.
2026-10-05 15:06:54,635 ERROR   yfinance - $EXV5.DE: possibly delisted; no timezone found
2026-10-05 15:06:54,655 ERROR   yfinance - Failed to get ticker '^IBEX' reason: Failed to perform, curl: (60) SSL certificate OpenSSL verify result: self signed certificate in certificate chain (19). See https://curl.se/libcurl/c/libcurl-errors.html first for more details.
2026-10-05 15:06:54,655 ERROR   yfinance - $^IBEX: possibly delisted; no timezone found
2026-10-05 15:06:54,655 WARNING yfinance - Cookie/crumb fetch failed (CertificateVerifyError), continuing without crumb
2026-10-05 15:06:54,679 ERROR   yfinance - Failed to get ticker 'EXV3.DE' reason: Failed to perform, curl: (60) SSL certificate OpenSSL verify result: self signed certificate in certificate chain (19). See https://curl.se/libcurl/c/libcurl-errors.html first for more details.
2026-10-05 15:06:54,680 ERROR   yfinance - $EXV3.DE: possibly delisted; no timezone found
2026-10-05 15:06:54,684 WARNING yfinance - Cookie/crumb fetch failed (CertificateVerifyError), continuing without crumb
2026-10-05 15:06:54,716 ERROR   yfinance - Failed to get ticker 'EXH1.DE' reason: Failed to perform, curl: (60) SSL certificate OpenSSL verify result: self signed certificate in certificate chain (19). See https://curl.se/libcurl/c/libcurl-errors.html first for more details.
2026-10-05 15:06:54,717 ERROR   yfinance - $EXH1.DE: possibly delisted; no timezone found
2026-10-05 15:06:54,724 WARNING yfinance - Cookie/crumb fetch failed (CertificateVerifyError), continuing without crumb
2026-10-05 15:06:54,748 WARNING yfinance - Cookie/crumb fetch failed (CertificateVerifyError), continuing without crumb
2026-10-05 15:06:54,748 ERROR   yfinance - Failed to get ticker 'EXH5.DE' reason: Failed to perform, curl: (60) SSL certificate OpenSSL verify result: self signed certificate in certificate chain (19). See https://curl.se/libcurl/c/libcurl-errors.html first for more details.
2026-10-05 15:06:54,749 ERROR   yfinance - $EXH5.DE: possibly delisted; no timezone found
2026-10-05 15:06:54,776 WARNING yfinance - Cookie/crumb fetch failed (CertificateVerifyError), continuing without crumb
2026-10-05 15:06:54,783 ERROR   yfinance - Failed to get ticker 'EXV2.DE' reason: Failed to perform, curl: (60) SSL certificate OpenSSL verify result: self signed certificate in certificate chain (19). See https://curl.se/libcurl/c/libcurl-errors.html first for more details.
2026-10-05 15:06:54,784 ERROR   yfinance - $EXV2.DE: possibly delisted; no timezone found
2026-10-05 15:06:54,805 ERROR   yfinance - Failed to get ticker '^V2TX' reason: Failed to perform, curl: (60) SSL certificate OpenSSL verify result: self signed certificate in certificate chain (19). See https://curl.se/libcurl/c/libcurl-errors.html first for more details.
2026-10-05 15:06:54,805 ERROR   yfinance - $^V2TX: possibly delisted; no timezone found
2026-10-05 15:06:54,831 WARNING yfinance - Cookie/crumb fetch failed (CertificateVerifyError), continuing without crumb
2026-10-05 15:06:54,855 ERROR   yfinance - Failed to get ticker 'EXH4.DE' reason: Failed to perform, curl: (60) SSL certificate OpenSSL verify result: self signed certificate in certificate chain (19). See https://curl.se/libcurl/c/libcurl-errors.html first for more details.
2026-10-05 15:06:54,856 WARNING yfinance - Cookie/crumb fetch failed (CertificateVerifyError), continuing without crumb
2026-10-05 15:06:54,856 ERROR   yfinance - $EXH4.DE: possibly delisted; no timezone found
2026-10-05 15:06:54,885 ERROR   yfinance - Failed to get ticker 'DX-Y.NYB' reason: Failed to perform, curl: (60) SSL certificate OpenSSL verify result: self signed certificate in certificate chain (19). See https://curl.se/libcurl/c/libcurl-errors.html first for more details.
2026-10-05 15:06:54,885 ERROR   yfinance - $DX-Y.NYB: possibly delisted; no timezone found
2026-10-05 15:06:54,900 WARNING yfinance - Cookie/crumb fetch failed (CertificateVerifyError), continuing without crumb
2026-10-05 15:06:54,932 ERROR   yfinance - Failed to get ticker 'EXH2.DE' reason: Failed to perform, curl: (60) SSL certificate OpenSSL verify result: self signed certificate in certificate chain (19). See https://curl.se/libcurl/c/libcurl-errors.html first for more details.
2026-10-05 15:06:54,933 ERROR   yfinance - $EXH2.DE: possibly delisted; no timezone found
2026-10-05 15:06:54,940 WARNING yfinance - Cookie/crumb fetch failed (CertificateVerifyError), continuing without crumb
2026-10-05 15:06:54,965 WARNING yfinance - Cookie/crumb fetch failed (CertificateVerifyError), continuing without crumb
2026-10-05 15:06:54,966 ERROR   yfinance - Failed to get ticker 'EXH3.DE' reason: Failed to perform, curl: (60) SSL certificate OpenSSL verify result: self signed certificate in certificate chain (19). See https://curl.se/libcurl/c/libcurl-errors.html first for more details.
2026-10-05 15:06:54,967 ERROR   yfinance - $EXH3.DE: possibly delisted; no timezone found
2026-10-05 15:06:54,998 ERROR   yfinance - Failed to get ticker 'EXV6.DE' reason: Failed to perform, curl: (60) SSL certificate OpenSSL verify result: self signed certificate in certificate chain (19). See https://curl.se/libcurl/c/libcurl-errors.html first for more details.
2026-10-05 15:06:54,998 WARNING yfinance - Cookie/crumb fetch failed (CertificateVerifyError), continuing without crumb
2026-10-05 15:06:54,998 ERROR   yfinance - $EXV6.DE: possibly delisted; no timezone found
2026-10-05 15:06:55,033 WARNING yfinance - Cookie/crumb fetch failed (CertificateVerifyError), continuing without crumb
2026-10-05 15:06:55,035 ERROR   yfinance - Failed to get ticker 'EURCHF=X' reason: Failed to perform, curl: (60) SSL certificate OpenSSL verify result: self signed certificate in certificate chain (19). See https://curl.se/libcurl/c/libcurl-errors.html first for more details.
2026-10-05 15:06:55,035 ERROR   yfinance - $EURCHF=X: possibly delisted; no timezone found
2026-10-05 15:06:55,067 ERROR   yfinance - Failed to get ticker 'EEM' reason: Failed to perform, curl: (60) SSL certificate OpenSSL verify result: self signed certificate in certificate chain (19). See https://curl.se/libcurl/c/libcurl-errors.html first for more details.
2026-10-05 15:06:55,076 ERROR   yfinance - $EEM: possibly delisted; no timezone found
2026-10-05 15:06:55,098 WARNING yfinance - Cookie/crumb fetch failed (CertificateVerifyError), continuing without crumb
2026-10-05 15:06:55,122 ERROR   yfinance - Failed to get ticker 'EURGBP=X' reason: Failed to perform, curl: (60) SSL certificate OpenSSL verify result: self signed certificate in certificate chain (19). See https://curl.se/libcurl/c/libcurl-errors.html first for more details.
2026-10-05 15:06:55,123 ERROR   yfinance - $EURGBP=X: possibly delisted; no timezone found
2026-10-05 15:06:55,128 WARNING yfinance - Cookie/crumb fetch failed (CertificateVerifyError), continuing without crumb
2026-10-05 15:06:55,152 ERROR   yfinance - Failed to get ticker 'EXV9.DE' reason: Failed to perform, curl: (60) SSL certificate OpenSSL verify result: self signed certificate in certificate chain (19). See https://curl.se/libcurl/c/libcurl-errors.html first for more details.
2026-10-05 15:06:55,153 ERROR   yfinance - $EXV9.DE: possibly delisted; no timezone found
2026-10-05 15:06:55,235 WARNING yfinance - Cookie/crumb fetch failed (CertificateVerifyError), continuing without crumb
2026-10-05 15:06:55,264 ERROR   yfinance - Failed to get ticker 'EXH9.DE' reason: Failed to perform, curl: (60) SSL certificate OpenSSL verify result: self signed certificate in certificate chain (19). See https://curl.se/libcurl/c/libcurl-errors.html first for more details.
2026-10-05 15:06:55,264 ERROR   yfinance - $EXH9.DE: possibly delisted; no timezone found
2026-10-05 15:06:55,288 WARNING yfinance - Cookie/crumb fetch failed (CertificateVerifyError), continuing without crumb
2026-10-05 15:06:55,309 WARNING yfinance - Cookie/crumb fetch failed (CertificateVerifyError), continuing without crumb
2026-10-05 15:06:55,310 ERROR   yfinance - Failed to get ticker 'TTF=F' reason: Failed to perform, curl: (60) SSL certificate OpenSSL verify result: self signed certificate in certificate chain (19). See https://curl.se/libcurl/c/libcurl-errors.html first for more details.
2026-10-05 15:06:55,311 ERROR   yfinance - $TTF=F: possibly delisted; no timezone found
2026-10-05 15:06:55,342 ERROR   yfinance - Failed to get ticker 'EXV7.DE' reason: Failed to perform, curl: (60) SSL certificate OpenSSL verify result: self signed certificate in certificate chain (19). See https://curl.se/libcurl/c/libcurl-errors.html first for more details.
2026-10-05 15:06:55,342 ERROR   yfinance - $EXV7.DE: possibly delisted; no timezone found
2026-10-05 15:06:55,482 WARNING yfinance - Cookie/crumb fetch failed (CertificateVerifyError), continuing without crumb
2026-10-05 15:06:55,512 ERROR   yfinance - Failed to get ticker '^NDX' reason: Failed to perform, curl: (60) SSL certificate OpenSSL verify result: self signed certificate in certificate chain (19). See https://curl.se/libcurl/c/libcurl-errors.html first for more details.
2026-10-05 15:06:55,512 WARNING yfinance - Cookie/crumb fetch failed (CertificateVerifyError), continuing without crumb
2026-10-05 15:06:55,513 ERROR   yfinance - $^NDX: possibly delisted; no timezone found
2026-10-05 15:06:55,563 ERROR   yfinance - $CL=F: possibly delisted; no price data found  (1d 2025-09-08 -> 2026-10-06)
2026-10-05 15:06:55,606 WARNING yfinance - Cookie/crumb fetch failed (CertificateVerifyError), continuing without crumb
2026-10-05 15:06:55,631 ERROR   yfinance - Failed to get ticker '^FCHI' reason: Failed to perform, curl: (60) SSL certificate OpenSSL verify result: self signed certificate in certificate chain (19). See https://curl.se/libcurl/c/libcurl-errors.html first for more details.
2026-10-05 15:06:55,631 ERROR   yfinance - $^FCHI: possibly delisted; no timezone found
2026-10-05 15:06:55,632 WARNING yfinance - Cookie/crumb fetch failed (CertificateVerifyError), continuing without crumb
2026-10-05 15:06:55,663 ERROR   yfinance - Failed to get ticker 'EXV4.DE' reason: Failed to perform, curl: (60) SSL certificate OpenSSL verify result: self signed certificate in certificate chain (19). See https://curl.se/libcurl/c/libcurl-errors.html first for more details.
2026-10-05 15:06:55,664 ERROR   yfinance - $EXV4.DE: possibly delisted; no timezone found
2026-10-05 15:06:55,665 WARNING yfinance - Cookie/crumb fetch failed (CertificateVerifyError), continuing without crumb
2026-10-05 15:06:55,709 WARNING yfinance - Cookie/crumb fetch failed (CertificateVerifyError), continuing without crumb
2026-10-05 15:06:55,709 ERROR   yfinance - Failed to get ticker '^MOVE' reason: Failed to perform, curl: (60) SSL certificate OpenSSL verify result: self signed certificate in certificate chain (19). See https://curl.se/libcurl/c/libcurl-errors.html first for more details.
2026-10-05 15:06:55,710 ERROR   yfinance - $^MOVE: possibly delisted; no timezone found
2026-10-05 15:06:55,736 ERROR   yfinance - Failed to get ticker 'EXV8.DE' reason: Failed to perform, curl: (60) SSL certificate OpenSSL verify result: self signed certificate in certificate chain (19). See https://curl.se/libcurl/c/libcurl-errors.html first for more details.
2026-10-05 15:06:55,737 ERROR   yfinance - $EXV8.DE: possibly delisted; no timezone found
2026-10-05 15:06:55,753 WARNING yfinance - Cookie/crumb fetch failed (CertificateVerifyError), continuing without crumb
2026-10-05 15:06:55,777 ERROR   yfinance - Failed to get ticker 'EXV1.DE' reason: Failed to perform, curl: (60) SSL certificate OpenSSL verify result: self signed certificate in certificate chain (19). See https://curl.se/libcurl/c/libcurl-errors.html first for more details.
2026-10-05 15:06:55,777 ERROR   yfinance - $EXV1.DE: possibly delisted; no timezone found
2026-10-05 15:06:55,790 WARNING yfinance - Cookie/crumb fetch failed (CertificateVerifyError), continuing without crumb
2026-10-05 15:06:55,818 WARNING yfinance - Cookie/crumb fetch failed (CertificateVerifyError), continuing without crumb
2026-10-05 15:06:55,819 ERROR   yfinance - Failed to get ticker 'EXH6.DE' reason: Failed to perform, curl: (60) SSL certificate OpenSSL verify result: self signed certificate in certificate chain (19). See https://curl.se/libcurl/c/libcurl-errors.html first for more details.
2026-10-05 15:06:55,819 ERROR   yfinance - $EXH6.DE: possibly delisted; no timezone found
2026-10-05 15:06:55,846 WARNING yfinance - Cookie/crumb fetch failed (CertificateVerifyError), continuing without crumb
2026-10-05 15:06:55,849 ERROR   yfinance - Failed to get ticker 'EXH8.DE' reason: Failed to perform, curl: (60) SSL certificate OpenSSL verify result: self signed certificate in certificate chain (19). See https://curl.se/libcurl/c/libcurl-errors.html first for more details.
2026-10-05 15:06:55,850 ERROR   yfinance - $EXH8.DE: possibly delisted; no timezone found
2026-10-05 15:06:55,872 WARNING yfinance - Cookie/crumb fetch failed (CertificateVerifyError), continuing without crumb
2026-10-05 15:06:55,872 ERROR   yfinance - Failed to get ticker 'FTSEMIB.MI' reason: Failed to perform, curl: (60) SSL certificate OpenSSL verify result: self signed certificate in certificate chain (19). See https://curl.se/libcurl/c/libcurl-errors.html first for more details.
2026-10-05 15:06:55,884 ERROR   yfinance - $FTSEMIB.MI: possibly delisted; no timezone found
2026-10-05 15:06:55,905 WARNING yfinance - Cookie/crumb fetch failed (CertificateVerifyError), continuing without crumb
2026-10-05 15:06:55,905 ERROR   yfinance - Failed to get ticker 'EXH7.DE' reason: Failed to perform, curl: (60) SSL certificate OpenSSL verify result: self signed certificate in certificate chain (19). See https://curl.se/libcurl/c/libcurl-errors.html first for more details.
2026-10-05 15:06:55,905 ERROR   yfinance - $EXH7.DE: possibly delisted; no timezone found
2026-10-05 15:06:55,941 ERROR   yfinance - Failed to get ticker '^STOXX' reason: Failed to perform, curl: (60) SSL certificate OpenSSL verify result: self signed certificate in certificate chain (19). See https://curl.se/libcurl/c/libcurl-errors.html first for more details.
2026-10-05 15:06:55,941 ERROR   yfinance - $^STOXX: possibly delisted; no timezone found
2026-10-05 15:06:55,947 ERROR   yfinance - 
33 Failed downloads:
2026-10-05 15:06:55,947 ERROR   yfinance - ['^GDAXI', 'HG=F', 'CL=F']: possibly delisted; no price data found  (1d 2025-09-08 -> 2026-10-06)
2026-10-05 15:06:55,947 ERROR   yfinance - ['EXV5.DE', '^IBEX', 'EXV3.DE', 'EXH1.DE', 'EXH5.DE', 'EXV2.DE', '^V2TX', 'EXH4.DE', 'DX-Y.NYB', 'EXH2.DE', 'EXH3.DE', 'EXV6.DE', 'EURCHF=X', 'EEM', 'EURGBP=X', 'EXV9.DE', 'EXH9.DE', 'TTF=F', 'EXV7.DE', '^NDX', '^FCHI', 'EXV4.DE', '^MOVE', 'EXV8.DE', 'EXV1.DE', 'EXH6.DE', 'EXH8.DE', 'FTSEMIB.MI', 'EXH7.DE', '^STOXX']: possibly delisted; no timezone found
2026-10-05 15:07:08,434 WARNING yfinance - Cookie/crumb fetch failed (CertificateVerifyError), continuing without crumb
2026-10-05 15:07:08,463 WARNING yfinance - Cookie/crumb fetch failed (CertificateVerifyError), continuing without crumb
2026-10-05 15:07:08,471 ERROR   yfinance - $^GDAXI: possibly delisted; no price data found  (1d 2025-10-05 -> 2026-10-06)
2026-10-05 15:07:08,497 ERROR   yfinance - Failed to get ticker '^FCHI' reason: Failed to perform, curl: (60) SSL certificate OpenSSL verify result: self signed certificate in certificate chain (19). See https://curl.se/libcurl/c/libcurl-errors.html first for more details.
2026-10-05 15:07:08,499 ERROR   yfinance - $^FCHI: possibly delisted; no timezone found
2026-10-05 15:07:08,500 WARNING yfinance - Cookie/crumb fetch failed (CertificateVerifyError), continuing without crumb
2026-10-05 15:07:08,532 ERROR   yfinance - Failed to get ticker '^STOXX' reason: Failed to perform, curl: (60) SSL certificate OpenSSL verify result: self signed certificate in certificate chain (19). See https://curl.se/libcurl/c/libcurl-errors.html first for more details.
2026-10-05 15:07:08,532 ERROR   yfinance - $^STOXX: possibly delisted; no timezone found
2026-10-05 15:07:08,536 ERROR   yfinance - 
3 Failed downloads:
2026-10-05 15:07:08,537 ERROR   yfinance - ['^GDAXI']: possibly delisted; no price data found  (1d 2025-10-05 -> 2026-10-06)
2026-10-05 15:07:08,537 ERROR   yfinance - ['^FCHI', '^STOXX']: possibly delisted; no timezone found
2026-10-05 15:07:17,301 WARNING yfinance - Cookie/crumb fetch failed (CertificateVerifyError), continuing without crumb
2026-10-05 15:07:17,353 WARNING yfinance - Cookie/crumb fetch failed (CertificateVerifyError), continuing without crumb
2026-10-05 15:07:17,360 ERROR   yfinance - Failed to get ticker 'EEM' reason: Failed to perform, curl: (60) SSL certificate OpenSSL verify result: self signed certificate in certificate chain (19). See https://curl.se/libcurl/c/libcurl-errors.html first for more details.
2026-10-05 15:07:17,361 ERROR   yfinance - $EEM: possibly delisted; no timezone found
2026-10-05 15:07:17,384 WARNING yfinance - Cookie/crumb fetch failed (CertificateVerifyError), continuing without crumb
2026-10-05 15:07:17,390 ERROR   yfinance - $HG=F: possibly delisted; no price data found  (1d 2024-06-12 -> 2026-10-06)
2026-10-05 15:07:17,411 ERROR   yfinance - Failed to get ticker 'DX-Y.NYB' reason: Failed to perform, curl: (60) SSL certificate OpenSSL verify result: self signed certificate in certificate chain (19). See https://curl.se/libcurl/c/libcurl-errors.html first for more details.
2026-10-05 15:07:17,411 ERROR   yfinance - $DX-Y.NYB: possibly delisted; no timezone found
2026-10-05 15:07:17,413 ERROR   yfinance - 
3 Failed downloads:
2026-10-05 15:07:17,413 ERROR   yfinance - ['EEM', 'DX-Y.NYB']: possibly delisted; no timezone found
2026-10-05 15:07:17,413 ERROR   yfinance - ['HG=F']: possibly delisted; no price data found  (1d 2024-06-12 -> 2026-10-06)
2026-10-05 15:07:31,485 WARNING yfinance - Cookie/crumb fetch failed (CertificateVerifyError), continuing without crumb
2026-10-05 15:07:31,509 WARNING yfinance - Cookie/crumb fetch failed (CertificateVerifyError), continuing without crumb
2026-10-05 15:07:31,510 ERROR   yfinance - $^GDAXI: possibly delisted; no price data found  (1d 2025-09-08 -> 2026-10-06)
2026-10-05 15:07:31,537 WARNING yfinance - Cookie/crumb fetch failed (CertificateVerifyError), continuing without crumb
2026-10-05 15:07:31,554 ERROR   yfinance - Failed to get ticker 'EXV5.DE' reason: Failed to perform, curl: (60) SSL certificate OpenSSL verify result: self signed certificate in certificate chain (19). See https://curl.se/libcurl/c/libcurl-errors.html first for more details.
2026-10-05 15:07:31,555 ERROR   yfinance - $EXV5.DE: possibly delisted; no timezone found
2026-10-05 15:07:31,555 ERROR   yfinance - $HG=F: possibly delisted; no price data found  (1d 2025-09-08 -> 2026-10-06)
2026-10-05 15:07:31,558 WARNING yfinance - Cookie/crumb fetch failed (CertificateVerifyError), continuing without crumb
2026-10-05 15:07:31,587 ERROR   yfinance - Failed to get ticker '^IBEX' reason: Failed to perform, curl: (60) SSL certificate OpenSSL verify result: self signed certificate in certificate chain (19). See https://curl.se/libcurl/c/libcurl-errors.html first for more details.
2026-10-05 15:07:31,587 ERROR   yfinance - $^IBEX: possibly delisted; no timezone found
2026-10-05 15:07:31,591 WARNING yfinance - Cookie/crumb fetch failed (CertificateVerifyError), continuing without crumb
2026-10-05 15:07:31,620 ERROR   yfinance - Failed to get ticker 'EXV3.DE' reason: Failed to perform, curl: (60) SSL certificate OpenSSL verify result: self signed certificate in certificate chain (19). See https://curl.se/libcurl/c/libcurl-errors.html first for more details.
2026-10-05 15:07:31,620 WARNING yfinance - Cookie/crumb fetch failed (CertificateVerifyError), continuing without crumb
2026-10-05 15:07:31,621 ERROR   yfinance - $EXV3.DE: possibly delisted; no timezone found
2026-10-05 15:07:31,652 WARNING yfinance - Cookie/crumb fetch failed (CertificateVerifyError), continuing without crumb
2026-10-05 15:07:31,655 ERROR   yfinance - Failed to get ticker 'EXH1.DE' reason: Failed to perform, curl: (60) SSL certificate OpenSSL verify result: self signed certificate in certificate chain (19). See https://curl.se/libcurl/c/libcurl-errors.html first for more details.
2026-10-05 15:07:31,656 ERROR   yfinance - $EXH1.DE: possibly delisted; no timezone found
2026-10-05 15:07:31,677 WARNING yfinance - Cookie/crumb fetch failed (CertificateVerifyError), continuing without crumb
2026-10-05 15:07:31,688 ERROR   yfinance - Failed to get ticker 'EXH5.DE' reason: Failed to perform, curl: (60) SSL certificate OpenSSL verify result: self signed certificate in certificate chain (19). See https://curl.se/libcurl/c/libcurl-errors.html first for more details.
2026-10-05 15:07:31,689 ERROR   yfinance - $EXH5.DE: possibly delisted; no timezone found
2026-10-05 15:07:31,704 WARNING yfinance - Cookie/crumb fetch failed (CertificateVerifyError), continuing without crumb
2026-10-05 15:07:31,705 ERROR   yfinance - Failed to get ticker 'EXV2.DE' reason: Failed to perform, curl: (60) SSL certificate OpenSSL verify result: self signed certificate in certificate chain (19). See https://curl.se/libcurl/c/libcurl-errors.html first for more details.
2026-10-05 15:07:31,706 ERROR   yfinance - $EXV2.DE: possibly delisted; no timezone found
2026-10-05 15:07:31,735 ERROR   yfinance - Failed to get ticker '^V2TX' reason: Failed to perform, curl: (60) SSL certificate OpenSSL verify result: self signed certificate in certificate chain (19). See https://curl.se/libcurl/c/libcurl-errors.html first for more details.
2026-10-05 15:07:31,735 ERROR   yfinance - $^V2TX: possibly delisted; no timezone found
2026-10-05 15:07:31,737 WARNING yfinance - Cookie/crumb fetch failed (CertificateVerifyError), continuing without crumb
2026-10-05 15:07:31,761 ERROR   yfinance - Failed to get ticker 'EXH4.DE' reason: Failed to perform, curl: (60) SSL certificate OpenSSL verify result: self signed certificate in certificate chain (19). See https://curl.se/libcurl/c/libcurl-errors.html first for more details.
2026-10-05 15:07:31,762 ERROR   yfinance - $EXH4.DE: possibly delisted; no timezone found
2026-10-05 15:07:31,763 WARNING yfinance - Cookie/crumb fetch failed (CertificateVerifyError), continuing without crumb
2026-10-05 15:07:31,791 WARNING yfinance - Cookie/crumb fetch failed (CertificateVerifyError), continuing without crumb
2026-10-05 15:07:31,798 ERROR   yfinance - Failed to get ticker 'DX-Y.NYB' reason: Failed to perform, curl: (60) SSL certificate OpenSSL verify result: self signed certificate in certificate chain (19). See https://curl.se/libcurl/c/libcurl-errors.html first for more details.
2026-10-05 15:07:31,798 ERROR   yfinance - $DX-Y.NYB: possibly delisted; no timezone found
2026-10-05 15:07:31,820 WARNING yfinance - Cookie/crumb fetch failed (CertificateVerifyError), continuing without crumb
2026-10-05 15:07:31,827 ERROR   yfinance - Failed to get ticker 'EXH2.DE' reason: Failed to perform, curl: (60) SSL certificate OpenSSL verify result: self signed certificate in certificate chain (19). See https://curl.se/libcurl/c/libcurl-errors.html first for more details.
2026-10-05 15:07:31,828 ERROR   yfinance - $EXH2.DE: possibly delisted; no timezone found
2026-10-05 15:07:31,860 ERROR   yfinance - Failed to get ticker 'EXH3.DE' reason: Failed to perform, curl: (60) SSL certificate OpenSSL verify result: self signed certificate in certificate chain (19). See https://curl.se/libcurl/c/libcurl-errors.html first for more details.
2026-10-05 15:07:31,860 ERROR   yfinance - $EXH3.DE: possibly delisted; no timezone found
2026-10-05 15:07:31,862 WARNING yfinance - Cookie/crumb fetch failed (CertificateVerifyError), continuing without crumb
2026-10-05 15:07:31,883 ERROR   yfinance - Failed to get ticker 'EXV6.DE' reason: Failed to perform, curl: (60) SSL certificate OpenSSL verify result: self signed certificate in certificate chain (19). See https://curl.se/libcurl/c/libcurl-errors.html first for more details.
2026-10-05 15:07:31,883 ERROR   yfinance - $EXV6.DE: possibly delisted; no timezone found
2026-10-05 15:07:31,920 WARNING yfinance - Cookie/crumb fetch failed (CertificateVerifyError), continuing without crumb
2026-10-05 15:07:31,943 WARNING yfinance - Cookie/crumb fetch failed (CertificateVerifyError), continuing without crumb
2026-10-05 15:07:31,945 ERROR   yfinance - Failed to get ticker 'EURCHF=X' reason: Failed to perform, curl: (60) SSL certificate OpenSSL verify result: self signed certificate in certificate chain (19). See https://curl.se/libcurl/c/libcurl-errors.html first for more details.
2026-10-05 15:07:31,945 ERROR   yfinance - $EURCHF=X: possibly delisted; no timezone found
2026-10-05 15:07:31,960 ERROR   yfinance - Failed to get ticker 'EEM' reason: Failed to perform, curl: (60) SSL certificate OpenSSL verify result: self signed certificate in certificate chain (19). See https://curl.se/libcurl/c/libcurl-errors.html first for more details.
2026-10-05 15:07:31,961 ERROR   yfinance - $EEM: possibly delisted; no timezone found
2026-10-05 15:07:31,989 WARNING yfinance - Cookie/crumb fetch failed (CertificateVerifyError), continuing without crumb
2026-10-05 15:07:32,008 ERROR   yfinance - Failed to get ticker 'EURGBP=X' reason: Failed to perform, curl: (60) SSL certificate OpenSSL verify result: self signed certificate in certificate chain (19). See https://curl.se/libcurl/c/libcurl-errors.html first for more details.
2026-10-05 15:07:32,008 ERROR   yfinance - $EURGBP=X: possibly delisted; no timezone found
2026-10-05 15:07:32,009 WARNING yfinance - Cookie/crumb fetch failed (CertificateVerifyError), continuing without crumb
2026-10-05 15:07:32,037 WARNING yfinance - Cookie/crumb fetch failed (CertificateVerifyError), continuing without crumb
2026-10-05 15:07:32,050 ERROR   yfinance - Failed to get ticker 'EXV9.DE' reason: Failed to perform, curl: (60) SSL certificate OpenSSL verify result: self signed certificate in certificate chain (19). See https://curl.se/libcurl/c/libcurl-errors.html first for more details.
2026-10-05 15:07:32,051 ERROR   yfinance - $EXV9.DE: possibly delisted; no timezone found
2026-10-05 15:07:32,068 ERROR   yfinance - Failed to get ticker 'EXH9.DE' reason: Failed to perform, curl: (60) SSL certificate OpenSSL verify result: self signed certificate in certificate chain (19). See https://curl.se/libcurl/c/libcurl-errors.html first for more details.
2026-10-05 15:07:32,069 ERROR   yfinance - $EXH9.DE: possibly delisted; no timezone found
2026-10-05 15:07:32,072 WARNING yfinance - Cookie/crumb fetch failed (CertificateVerifyError), continuing without crumb
2026-10-05 15:07:32,102 ERROR   yfinance - Failed to get ticker 'TTF=F' reason: Failed to perform, curl: (60) SSL certificate OpenSSL verify result: self signed certificate in certificate chain (19). See https://curl.se/libcurl/c/libcurl-errors.html first for more details.
2026-10-05 15:07:32,102 WARNING yfinance - Cookie/crumb fetch failed (CertificateVerifyError), continuing without crumb
2026-10-05 15:07:32,103 ERROR   yfinance - $TTF=F: possibly delisted; no timezone found
2026-10-05 15:07:32,131 WARNING yfinance - Cookie/crumb fetch failed (CertificateVerifyError), continuing without crumb
2026-10-05 15:07:32,142 ERROR   yfinance - Failed to get ticker 'EXV7.DE' reason: Failed to perform, curl: (60) SSL certificate OpenSSL verify result: self signed certificate in certificate chain (19). See https://curl.se/libcurl/c/libcurl-errors.html first for more details.
2026-10-05 15:07:32,142 ERROR   yfinance - $EXV7.DE: possibly delisted; no timezone found
2026-10-05 15:07:32,167 ERROR   yfinance - Failed to get ticker '^NDX' reason: Failed to perform, curl: (60) SSL certificate OpenSSL verify result: self signed certificate in certificate chain (19). See https://curl.se/libcurl/c/libcurl-errors.html first for more details.
2026-10-05 15:07:32,167 WARNING yfinance - Cookie/crumb fetch failed (CertificateVerifyError), continuing without crumb
2026-10-05 15:07:32,168 ERROR   yfinance - $^NDX: possibly delisted; no timezone found
2026-10-05 15:07:32,189 ERROR   yfinance - $CL=F: possibly delisted; no price data found  (1d 2025-09-08 -> 2026-10-06)
2026-10-05 15:07:32,201 WARNING yfinance - Cookie/crumb fetch failed (CertificateVerifyError), continuing without crumb
2026-10-05 15:07:32,224 WARNING yfinance - Cookie/crumb fetch failed (CertificateVerifyError), continuing without crumb
2026-10-05 15:07:32,226 ERROR   yfinance - Failed to get ticker '^FCHI' reason: Failed to perform, curl: (60) SSL certificate OpenSSL verify result: self signed certificate in certificate chain (19). See https://curl.se/libcurl/c/libcurl-errors.html first for more details.
2026-10-05 15:07:32,226 ERROR   yfinance - $^FCHI: possibly delisted; no timezone found
2026-10-05 15:07:32,258 WARNING yfinance - Cookie/crumb fetch failed (CertificateVerifyError), continuing without crumb
2026-10-05 15:07:32,260 ERROR   yfinance - Failed to get ticker 'EXV4.DE' reason: Failed to perform, curl: (60) SSL certificate OpenSSL verify result: self signed certificate in certificate chain (19). See https://curl.se/libcurl/c/libcurl-errors.html first for more details.
2026-10-05 15:07:32,260 ERROR   yfinance - $EXV4.DE: possibly delisted; no timezone found
2026-10-05 15:07:32,289 ERROR   yfinance - Failed to get ticker '^MOVE' reason: Failed to perform, curl: (60) SSL certificate OpenSSL verify result: self signed certificate in certificate chain (19). See https://curl.se/libcurl/c/libcurl-errors.html first for more details.
2026-10-05 15:07:32,289 WARNING yfinance - Cookie/crumb fetch failed (CertificateVerifyError), continuing without crumb
2026-10-05 15:07:32,290 ERROR   yfinance - $^MOVE: possibly delisted; no timezone found
2026-10-05 15:07:32,316 WARNING yfinance - Cookie/crumb fetch failed (CertificateVerifyError), continuing without crumb
2026-10-05 15:07:32,324 ERROR   yfinance - Failed to get ticker 'EXV8.DE' reason: Failed to perform, curl: (60) SSL certificate OpenSSL verify result: self signed certificate in certificate chain (19). See https://curl.se/libcurl/c/libcurl-errors.html first for more details.
2026-10-05 15:07:32,325 ERROR   yfinance - $EXV8.DE: possibly delisted; no timezone found
2026-10-05 15:07:32,337 ERROR   yfinance - Failed to get ticker 'EXV1.DE' reason: Failed to perform, curl: (60) SSL certificate OpenSSL verify result: self signed certificate in certificate chain (19). See https://curl.se/libcurl/c/libcurl-errors.html first for more details.
2026-10-05 15:07:32,338 WARNING yfinance - Cookie/crumb fetch failed (CertificateVerifyError), continuing without crumb
2026-10-05 15:07:32,338 ERROR   yfinance - $EXV1.DE: possibly delisted; no timezone found
2026-10-05 15:07:32,363 WARNING yfinance - Cookie/crumb fetch failed (CertificateVerifyError), continuing without crumb
2026-10-05 15:07:32,367 ERROR   yfinance - Failed to get ticker 'EXH6.DE' reason: Failed to perform, curl: (60) SSL certificate OpenSSL verify result: self signed certificate in certificate chain (19). See https://curl.se/libcurl/c/libcurl-errors.html first for more details.
2026-10-05 15:07:32,367 ERROR   yfinance - $EXH6.DE: possibly delisted; no timezone found
2026-10-05 15:07:32,381 WARNING yfinance - Cookie/crumb fetch failed (CertificateVerifyError), continuing without crumb
2026-10-05 15:07:32,384 ERROR   yfinance - Failed to get ticker 'EXH8.DE' reason: Failed to perform, curl: (60) SSL certificate OpenSSL verify result: self signed certificate in certificate chain (19). See https://curl.se/libcurl/c/libcurl-errors.html first for more details.
2026-10-05 15:07:32,385 ERROR   yfinance - $EXH8.DE: possibly delisted; no timezone found
2026-10-05 15:07:32,412 ERROR   yfinance - Failed to get ticker 'FTSEMIB.MI' reason: Failed to perform, curl: (60) SSL certificate OpenSSL verify result: self signed certificate in certificate chain (19). See https://curl.se/libcurl/c/libcurl-errors.html first for more details.
2026-10-05 15:07:32,413 WARNING yfinance - Cookie/crumb fetch failed (CertificateVerifyError), continuing without crumb
2026-10-05 15:07:32,413 ERROR   yfinance - $FTSEMIB.MI: possibly delisted; no timezone found
2026-10-05 15:07:32,444 WARNING yfinance - Cookie/crumb fetch failed (CertificateVerifyError), continuing without crumb
2026-10-05 15:07:32,444 ERROR   yfinance - Failed to get ticker 'EXH7.DE' reason: Failed to perform, curl: (60) SSL certificate OpenSSL verify result: self signed certificate in certificate chain (19). See https://curl.se/libcurl/c/libcurl-errors.html first for more details.
2026-10-05 15:07:32,444 ERROR   yfinance - $EXH7.DE: possibly delisted; no timezone found
2026-10-05 15:07:32,482 ERROR   yfinance - Failed to get ticker '^STOXX' reason: Failed to perform, curl: (60) SSL certificate OpenSSL verify result: self signed certificate in certificate chain (19). See https://curl.se/libcurl/c/libcurl-errors.html first for more details.
2026-10-05 15:07:32,483 ERROR   yfinance - $^STOXX: possibly delisted; no timezone found
2026-10-05 15:07:32,492 ERROR   yfinance - 
33 Failed downloads:
2026-10-05 15:07:32,493 ERROR   yfinance - ['^GDAXI', 'HG=F', 'CL=F']: possibly delisted; no price data found  (1d 2025-09-08 -> 2026-10-06)
2026-10-05 15:07:32,493 ERROR   yfinance - ['EXV5.DE', '^IBEX', 'EXV3.DE', 'EXH1.DE', 'EXH5.DE', 'EXV2.DE', '^V2TX', 'EXH4.DE', 'DX-Y.NYB', 'EXH2.DE', 'EXH3.DE', 'EXV6.DE', 'EURCHF=X', 'EEM', 'EURGBP=X', 'EXV9.DE', 'EXH9.DE', 'TTF=F', 'EXV7.DE', '^NDX', '^FCHI', 'EXV4.DE', '^MOVE', 'EXV8.DE', 'EXV1.DE', 'EXH6.DE', 'EXH8.DE', 'FTSEMIB.MI', 'EXH7.DE', '^STOXX']: possibly delisted; no timezone found
